2026-10-02 09:21:48 hero_2 ultra 0.14
2026-10-02 09:21:48 hero_1 ultra 0.14
2026-10-02 09:21:49 hero_3 ultra 0.14
2026-10-02 09:22:01 rosto_2 ultra 0.14
2026-10-02 09:22:01 rosto_1 ultra 0.14
2026-10-02 09:22:02 rosto_3 ultra 0.14
2026-10-02 09:22:06 limpeza_2 core 0.04
2026-10-02 09:22:07 limpeza_1 core 0.04
2026-10-02 09:22:07 limpeza_3 core 0.04
2026-10-02 09:22:12 condominio_2 core 0.04
2026-10-02 09:22:14 condominio_3 core 0.04
2026-10-02 09:22:18 pousada_1 core 0.04
2026-10-02 09:22:20 pousada_2 core 0.04
2026-10-02 09:22:20 condominio_1 core 0.04
2026-10-02 09:22:23 pousada_3 core 0.04
2026-10-02 09:22:28 hotel_2 core 0.04
2026-10-02 09:22:28 hotel_1 core 0.04
2026-10-02 09:22:35 hotel_3 core 0.04
2026-10-02 09:40:27 hero_5 ultra 0.14
2026-10-02 09:40:27 hero_6 ultra 0.14
2026-10-02 09:40:28 hero_4 ultra 0.14
2026-10-02 09:55:14 rosto_destaque_3 ultra 0.14
2026-10-02 09:55:14 rosto_destaque_1 ultra 0.14
2026-10-02 09:55:17 rosto_destaque_2 ultra 0.14
2026-10-02 09:55:42 rosto_destaque_b1 ultra 0.14
2026-10-02 09:55:42 rosto_destaque_b2 ultra 0.14
2026-10-02 09:55:42 rosto_destaque_b3 ultra 0.14
2026-10-02 09:56:02 rosto_destaque_c3 ultra 0.14
2026-10-02 09:56:02 rosto_destaque_c1 ultra 0.14
2026-10-02 09:56:03 rosto_destaque_c2 ultra 0.14
